<!--%{Header}
	This is a block
}%-->

//%{header}
FOOFOO
//}%

Hello 33
