<!--%{Header}
	This is a block
}%-->

//%{header}
BARBAR
//}%

Hello 44
