Hello 4

Goodby 4


xi is 0

xi is 1

xi is 2

xi is 3

xi is 4

xi is 5

xi is 6

xi is 7

xi is 8

xi is 9

